Resposta para a busca 1
Registro inexistente.
Resposta para a busca 2
Registro inexistente.
Resposta para a busca 3
Registro inexistente.
